# serializer version: 1
# name: test_async_model
  'Hi there! How can I assist you today?'
# ---
# name: test_options[options0]
  'Hi there! How can I assist you today?'
# ---
# name: test_options[options1]
  'Hi there! How can I assist you today?'
# ---
# name: test_options[options2]
  'Hi there! How can I assist you today?'
# ---
# name: test_options[options3]
  'Hi there! How can I assist you today?'
# ---
# name: test_options[options4]
  'Hi there! How can I assist you today?'
# ---
